-- Install configuration: ""
-- Up-to-date: /home/henry/Documents/robotica/install/my_robot_pkg/share/my_robot_pkg/launch
-- Installing: /home/henry/Documents/robotica/install/my_robot_pkg/share/my_robot_pkg/launch/gazebo.launch.py
-- Up-to-date: /home/henry/Documents/robotica/install/my_robot_pkg/share/my_robot_pkg/launch/__pycache__
-- Installing: /home/henry/Documents/robotica/install/my_robot_pkg/share/my_robot_pkg/launch/__pycache__/gazebo.launch.cpython-310.pyc
-- Up-to-date: /home/henry/Documents/robotica/install/my_robot_pkg/share/ament_index/resource_index/package_run_dependencies/my_robot_pkg
-- Up-to-date: /home/henry/Documents/robotica/install/my_robot_pkg/share/ament_index/resource_index/parent_prefix_path/my_robot_pkg
-- Up-to-date: /home/henry/Documents/robotica/install/my_robot_pkg/share/my_robot_pkg/environment/ament_prefix_path.sh
-- Up-to-date: /home/henry/Documents/robotica/install/my_robot_pkg/share/my_robot_pkg/environment/ament_prefix_path.dsv
-- Up-to-date: /home/henry/Documents/robotica/install/my_robot_pkg/share/my_robot_pkg/environment/path.sh
-- Up-to-date: /home/henry/Documents/robotica/install/my_robot_pkg/share/my_robot_pkg/environment/path.dsv
-- Up-to-date: /home/henry/Documents/robotica/install/my_robot_pkg/share/my_robot_pkg/local_setup.bash
-- Up-to-date: /home/henry/Documents/robotica/install/my_robot_pkg/share/my_robot_pkg/local_setup.sh
-- Up-to-date: /home/henry/Documents/robotica/install/my_robot_pkg/share/my_robot_pkg/local_setup.zsh
-- Up-to-date: /home/henry/Documents/robotica/install/my_robot_pkg/share/my_robot_pkg/local_setup.dsv
-- Installing: /home/henry/Documents/robotica/install/my_robot_pkg/share/my_robot_pkg/package.dsv
-- Up-to-date: /home/henry/Documents/robotica/install/my_robot_pkg/share/ament_index/resource_index/packages/my_robot_pkg
-- Up-to-date: /home/henry/Documents/robotica/install/my_robot_pkg/share/my_robot_pkg/cmake/my_robot_pkgConfig.cmake
-- Up-to-date: /home/henry/Documents/robotica/install/my_robot_pkg/share/my_robot_pkg/cmake/my_robot_pkgConfig-version.cmake
-- Up-to-date: /home/henry/Documents/robotica/install/my_robot_pkg/share/my_robot_pkg/package.xml
