[0.012s] Invoking command in '/home/henry/Documents/robotica/build/my_robot_pkg': CMAKE_PREFIX_PATH=/opt/ros/humble /usr/bin/cmake --build /home/henry/Documents/robotica/build/my_robot_pkg -- -j16 -l16
[0.054s] Invoked command in '/home/henry/Documents/robotica/build/my_robot_pkg' returned '0': CMAKE_PREFIX_PATH=/opt/ros/humble /usr/bin/cmake --build /home/henry/Documents/robotica/build/my_robot_pkg -- -j16 -l16
[0.066s] Invoking command in '/home/henry/Documents/robotica/build/my_robot_pkg': CMAKE_PREFIX_PATH=/opt/ros/humble /usr/bin/cmake --install /home/henry/Documents/robotica/build/my_robot_pkg
[0.073s] -- Install configuration: ""
[0.073s] -- Up-to-date: /home/henry/Documents/robotica/install/my_robot_pkg/share/my_robot_pkg/launch
[0.073s] -- Installing: /home/henry/Documents/robotica/install/my_robot_pkg/share/my_robot_pkg/launch/gazebo.launch.py
[0.073s] -- Up-to-date: /home/henry/Documents/robotica/install/my_robot_pkg/share/my_robot_pkg/launch/__pycache__
[0.073s] -- Installing: /home/henry/Documents/robotica/install/my_robot_pkg/share/my_robot_pkg/launch/__pycache__/gazebo.launch.cpython-310.pyc
[0.073s] -- Up-to-date: /home/henry/Documents/robotica/install/my_robot_pkg/share/ament_index/resource_index/package_run_dependencies/my_robot_pkg
[0.074s] -- Up-to-date: /home/henry/Documents/robotica/install/my_robot_pkg/share/ament_index/resource_index/parent_prefix_path/my_robot_pkg
[0.074s] -- Up-to-date: /home/henry/Documents/robotica/install/my_robot_pkg/share/my_robot_pkg/environment/ament_prefix_path.sh
[0.074s] -- Up-to-date: /home/henry/Documents/robotica/install/my_robot_pkg/share/my_robot_pkg/environment/ament_prefix_path.dsv
[0.074s] -- Up-to-date: /home/henry/Documents/robotica/install/my_robot_pkg/share/my_robot_pkg/environment/path.sh
[0.074s] -- Up-to-date: /home/henry/Documents/robotica/install/my_robot_pkg/share/my_robot_pkg/environment/path.dsv
[0.074s] -- Up-to-date: /home/henry/Documents/robotica/install/my_robot_pkg/share/my_robot_pkg/local_setup.bash
[0.074s] -- Up-to-date: /home/henry/Documents/robotica/install/my_robot_pkg/share/my_robot_pkg/local_setup.sh
[0.074s] -- Up-to-date: /home/henry/Documents/robotica/install/my_robot_pkg/share/my_robot_pkg/local_setup.zsh
[0.074s] -- Up-to-date: /home/henry/Documents/robotica/install/my_robot_pkg/share/my_robot_pkg/local_setup.dsv
[0.074s] -- Installing: /home/henry/Documents/robotica/install/my_robot_pkg/share/my_robot_pkg/package.dsv
[0.075s] -- Up-to-date: /home/henry/Documents/robotica/install/my_robot_pkg/share/ament_index/resource_index/packages/my_robot_pkg
[0.075s] -- Up-to-date: /home/henry/Documents/robotica/install/my_robot_pkg/share/my_robot_pkg/cmake/my_robot_pkgConfig.cmake
[0.075s] -- Up-to-date: /home/henry/Documents/robotica/install/my_robot_pkg/share/my_robot_pkg/cmake/my_robot_pkgConfig-version.cmake
[0.075s] -- Up-to-date: /home/henry/Documents/robotica/install/my_robot_pkg/share/my_robot_pkg/package.xml
[0.077s] Invoked command in '/home/henry/Documents/robotica/build/my_robot_pkg' returned '0': CMAKE_PREFIX_PATH=/opt/ros/humble /usr/bin/cmake --install /home/henry/Documents/robotica/build/my_robot_pkg
