[0.016s] Invoking command in '/home/henry/Documents/robotica/build/my_robot_pkg': CMAKE_PREFIX_PATH=/opt/ros/humble /usr/bin/cmake /home/henry/Documents/robotica/src -DCMAKE_INSTALL_PREFIX=/home/henry/Documents/robotica/install/my_robot_pkg
[0.074s] -- The C compiler identification is GNU 9.5.0
[0.138s] -- The CXX compiler identification is GNU 9.5.0
[0.148s] -- Detecting C compiler ABI info
[0.223s] -- Detecting C compiler ABI info - done
[0.229s] -- Check for working C compiler: /usr/bin/cc - skipped
[0.229s] -- Detecting C compile features
[0.230s] -- Detecting C compile features - done
[0.233s] -- Detecting CXX compiler ABI info
[0.317s] -- Detecting CXX compiler ABI info - done
[0.323s] -- Check for working CXX compiler: /usr/bin/c++ - skipped
[0.324s] -- Detecting CXX compile features
[0.324s] -- Detecting CXX compile features - done
[0.332s] -- Found ament_cmake: 1.3.14 (/opt/ros/humble/share/ament_cmake/cmake)
[0.467s] -- Found Python3: /usr/bin/python3 (found version "3.10.12") found components: Interpreter 
[0.629s] -- Configuring done
[0.632s] -- Generating done
[0.634s] -- Build files have been written to: /home/henry/Documents/robotica/build/my_robot_pkg
[0.638s] Invoked command in '/home/henry/Documents/robotica/build/my_robot_pkg' returned '0': CMAKE_PREFIX_PATH=/opt/ros/humble /usr/bin/cmake /home/henry/Documents/robotica/src -DCMAKE_INSTALL_PREFIX=/home/henry/Documents/robotica/install/my_robot_pkg
[0.640s] Invoking command in '/home/henry/Documents/robotica/build/my_robot_pkg': CMAKE_PREFIX_PATH=/opt/ros/humble /usr/bin/cmake --build /home/henry/Documents/robotica/build/my_robot_pkg -- -j16 -l16
[0.681s] Invoked command in '/home/henry/Documents/robotica/build/my_robot_pkg' returned '0': CMAKE_PREFIX_PATH=/opt/ros/humble /usr/bin/cmake --build /home/henry/Documents/robotica/build/my_robot_pkg -- -j16 -l16
[0.691s] Invoking command in '/home/henry/Documents/robotica/build/my_robot_pkg': CMAKE_PREFIX_PATH=/opt/ros/humble /usr/bin/cmake --install /home/henry/Documents/robotica/build/my_robot_pkg
[0.698s] -- Install configuration: ""
[0.698s] -- Installing: /home/henry/Documents/robotica/install/my_robot_pkg/share/my_robot_pkg/launch
[0.698s] -- Installing: /home/henry/Documents/robotica/install/my_robot_pkg/share/my_robot_pkg/launch/gazebo.launch.py
[0.698s] -- Installing: /home/henry/Documents/robotica/install/my_robot_pkg/share/ament_index/resource_index/package_run_dependencies/my_robot_pkg
[0.698s] -- Installing: /home/henry/Documents/robotica/install/my_robot_pkg/share/ament_index/resource_index/parent_prefix_path/my_robot_pkg
[0.699s] -- Installing: /home/henry/Documents/robotica/install/my_robot_pkg/share/my_robot_pkg/environment/ament_prefix_path.sh
[0.699s] -- Installing: /home/henry/Documents/robotica/install/my_robot_pkg/share/my_robot_pkg/environment/ament_prefix_path.dsv
[0.699s] -- Installing: /home/henry/Documents/robotica/install/my_robot_pkg/share/my_robot_pkg/environment/path.sh
[0.699s] -- Installing: /home/henry/Documents/robotica/install/my_robot_pkg/share/my_robot_pkg/environment/path.dsv
[0.699s] -- Installing: /home/henry/Documents/robotica/install/my_robot_pkg/share/my_robot_pkg/local_setup.bash
[0.699s] -- Installing: /home/henry/Documents/robotica/install/my_robot_pkg/share/my_robot_pkg/local_setup.sh
[0.699s] -- Installing: /home/henry/Documents/robotica/install/my_robot_pkg/share/my_robot_pkg/local_setup.zsh
[0.699s] -- Installing: /home/henry/Documents/robotica/install/my_robot_pkg/share/my_robot_pkg/local_setup.dsv
[0.700s] -- Installing: /home/henry/Documents/robotica/install/my_robot_pkg/share/my_robot_pkg/package.dsv
[0.700s] -- Installing: /home/henry/Documents/robotica/install/my_robot_pkg/share/ament_index/resource_index/packages/my_robot_pkg
[0.700s] -- Installing: /home/henry/Documents/robotica/install/my_robot_pkg/share/my_robot_pkg/cmake/my_robot_pkgConfig.cmake
[0.700s] -- Installing: /home/henry/Documents/robotica/install/my_robot_pkg/share/my_robot_pkg/cmake/my_robot_pkgConfig-version.cmake
[0.700s] -- Installing: /home/henry/Documents/robotica/install/my_robot_pkg/share/my_robot_pkg/package.xml
[0.702s] Invoked command in '/home/henry/Documents/robotica/build/my_robot_pkg' returned '0': CMAKE_PREFIX_PATH=/opt/ros/humble /usr/bin/cmake --install /home/henry/Documents/robotica/build/my_robot_pkg
